BTC: 4330 bars 2014-09-17->2026-07-25

== PLATEAU (net total return by vol_target, pivot_window=10 fixed) ==
vol_target=0.10: n= 47 total_ret=+1.4007 final=3.655x maxDD=-12.7%
vol_target=0.15: n= 47 total_ret=+2.1568 final=6.806x maxDD=-18.5%
vol_target=0.20: n= 47 total_ret=+2.9406 final=12.309x maxDD=-24.0%

== PRIMARY (vol_target=0.15, full gate battery, long/flat) ==
n=47  PF=5.162  WR=53.2%  total_ret=+2.1568
half1=+1.7771  half2=+0.3797
final=6.8056x  maxDD=-18.5%
Strategy Sharpe=1.504  Buy-hold Sharpe=0.962
Bootstrap (10k paths): P(maxDD>40%) = 0.0%

== Correlation gate (vs E4-v2 and E6, reconstructed from the same data) ==
corr(E17-v2, E4-v2) = 0.8046  (n=4329 overlapping days)
corr(E17-v2, E6)    = 0.6405  (n=4329 overlapping days)

== Gate summary (long/flat) ==
n>=100: 47 -> FAIL
PF>1.3: 5.162 -> PASS
both-halves: half1=+1.7771 half2=+0.3797 -> PASS
plateau all>0: {0.1: np.float64(1.4007496261640773), 0.15: np.float64(2.156797877555319), 0.2: np.float64(2.9406158893565855)} -> PASS
bootstrap P(maxDD>40%)<10%: 0.0% -> PASS
Sharpe>=buy-hold: 1.504 vs 0.962 -> PASS
correlation (reported/interpreted, not a hard pass/fail here): 0.805 vs E4-v2, 0.640 vs E6
