BTC: 4330 bars 2014-09-17->2026-07-25
ETH: 3181 bars 2017-11-09->2026-07-25

== PLATEAU (net total return by time_stop_bars, BTC+ETH pooled) ==
time_stop= 5: n= 76 total_ret=-0.4384 PF=0.83 WR=50.0%
time_stop=10: n= 72 total_ret=-1.1177 PF=0.66 WR=40.3%
time_stop=15: n= 71 total_ret=-1.4941 PF=0.61 WR=36.6%

== PRIMARY (time_stop_bars=10, full gate battery) ==
n=72 (BTC=39, ETH=33)
PF=0.662  WR=40.3%  total_ret=-1.1177
BTC-only half1=+0.3853 half2=-0.0998
ETH-only half1=-0.7519 half2=-0.6513
BTC book: final=1.7851x maxDD=-42.9%
ETH book: final=0.1638x maxDD=-85.9%
COMBINED (chronologically merged by actual exit date, n=72): half1=-0.2624 half2=-0.8553

Blended (50/50, overlapping window 2017-11-10->2026-07-25, n=3180 days): final=0.4183x maxDD=-63.0% Sharpe=-0.36
Bootstrap (10k paths, blended daily): P(maxDD>40%) = 95.8%

== Correlation gate (vs E4-v2 and E6, reconstructed from the same data) ==
corr(E16 blended, E4-v2) = 0.0233  (n=3180 overlapping days)
corr(E16 blended, E6)    = 0.0667  (n=3180 overlapping days)

== Gate summary ==
n>=100: 72 -> FAIL
PF>1.3: 0.662 -> FAIL
both-halves (combined, chronologically merged): half1=-0.2624 half2=-0.8553 -> FAIL
plateau all>0: [np.float64(-0.4384), np.float64(-1.1177), np.float64(-1.4941)] -> FAIL
bootstrap P(maxDD>40%)<10%: 95.8% -> FAIL
correlation <=0.5 vs E4-v2/E6 (low correlation hoped for): 0.023 / 0.067 -> PASS
